
> ffxiv-helper@0.0.1 test
> vitest --run

[2m10:34:41[22m [33m[1m[vite][22m[39m [33mwarning: `esbuild` option was specified by "vite:react-babel" plugin. This option is deprecated, please use `oxc` instead.[39m
[2m10:34:41[22m [33m[1m[vite][22m[39m [33mwarning: `optimizeDeps.esbuildOptions` option was specified by "vite:react-babel" plugin. This option is deprecated, please use `optimizeDeps.rolldownOptions` instead.[39m
[33mBoth esbuild and oxc options were set. oxc options will be used and esbuild options will be ignored.[39m The following esbuild options were set: `{ jsx: 'automatic', jsxImportSource: undefined }`

 RUN  v4.1.5 C:/Users/esthe/Documents/Dev/ffxiv-helper

 ❯ src/features/profit/useRecipes.test.tsx (3 tests | 1 failed) 304ms
     × fetches the snapshot on cache miss 86ms
 ❯ src/routes/Watchlist.test.tsx (1 test | 1 failed) 3633ms
     × renders rows from a mocked Universalis response 3629ms
 ❯ src/features/session/SessionPlanner.test.tsx (1 test | 1 failed) 9075ms
     × scans the snapshot and renders a top pick after Generate 9065ms

⎯⎯⎯⎯⎯⎯⎯ Failed Tests 3 ⎯⎯⎯⎯⎯⎯⎯

 FAIL  src/routes/Watchlist.test.tsx > Watchlist route > renders rows from a mocked Universalis response
TestingLibraryElementError: Unable to find an element with the text: /245k/. This could be because the text is broken up by multiple elements. In this case, you can provide a function for your text matcher to make your matcher more flexible.

Ignored nodes: comments, script, style
[36m<body>[39m
  [36m<div>[39m
    [36m<div[39m
      [33mclass[39m=[32m"max-w-7xl mx-auto px-4"[39m
    [36m>[39m
      [36m<div[39m
        [33mclass[39m=[32m"flex items-center justify-between mb-3"[39m
      [36m>[39m
        [36m<div[39m
          [33mclass[39m=[32m"flex flex-wrap gap-2 items-center mb-4"[39m
        [36m>[39m
          [36m<span[39m
            [33mclass[39m=[32m"font-mono text-[10px] tracking-widest text-text-low uppercase mr-1"[39m
          [36m>[39m
            [0mCategory[0m
          [36m</span>[39m
          [36m<div[39m
            [33mclass[39m=[32m"flex border border-border-base"[39m
          [36m>[39m
            [36m<button[39m
              [33mclass[39m=[32m"font-mono text-[11px] tracking-wider px-3.5 py-2 border-r border-border-base last:border-r-0 uppercase transition-colors bg-bg-card-hi text-gold"[39m
            [36m>[39m
              [0mAll[0m
            [36m</button>[39m
            [36m<button[39m
              [33mclass[39m=[32m"font-mono text-[11px] tracking-wider px-3.5 py-2 border-r border-border-base last:border-r-0 uppercase transition-colors text-text-dim hover:text-aether"[39m
            [36m>[39m
              [0mRaid[0m
            [36m</button>[39m
            [36m<button[39m
              [33mclass[39m=[32m"font-mono text-[11px] tracking-wider px-3.5 py-2 border-r border-border-base last:border-r-0 uppercase transition-colors text-text-dim hover:text-aether"[39m
            [36m>[39m
              [0mTincture[0m
            [36m</button>[39m
            [36m<button[39m
              [33mclass[39m=[32m"font-mono text-[11px] tracking-wider px-3.5 py-2 border-r border-border-base last:border-r-0 uppercase transition-colors text-text-dim hover:text-aether"[39m
            [36m>[39m
              [0mFood[0m
            [36m</button>[39m
            [36m<button[39m
              [33mclass[39m=[32m"font-mono text-[11px] tracking-wider px-3.5 py-2 border-r border-border-base last:border-r-0 uppercase transition-colors text-text-dim hover:text-aether"[39m
            [36m>[39m
              [0mFish[0m
            [36m</button>[39m
            [36m<button[39m
              [33mclass[39m=[32m"font-mono text-[11px] tracking-wider px-3.5 py-2 border-r border-border-base last:border-r-0 uppercase transition-colors text-text-dim hover:text-aether"[39m
            [36m>[39m
              [0mDye[0m
            [36m</button>[39m
            [36m<button[39m
              [33mclass[39m=[32m"font-mono text-[11px] tracking-wider px-3.5 py-2 border-r border-border-base last:border-r-0 uppercase transition-colors text-text-dim hover:text-aether"[39m
            [36m>[39m
              [0mGlamour[0m
            [36m</button>[39m
            [36m<button[39m
              [33mclass[39m=[32m"font-mono text-[11px] tracking-wider px-3.5 py-2 border-r border-border-base last:border-r-0 uppercase transition-colors text-text-dim hover:text-aether"[39m
            [36m>[39m
              [0mHousing[0m
            [36m</button>[39m
            [36m<button[39m
              [33mclass[39m=[32m"font-mono text-[11px] tracking-wider px-3.5 py-2 border-r border-border-base last:border-r-0 uppercase transition-colors text-text-dim hover:text-aether"[39m
            [36m>[39m
              [0mMateria[0m
            [36m</button>[39m
            [36m<button[39m
              [33mclass[39m=[32m"font-mono text-[11px] tracking-wider px-3.5 py-2 border-r border-border-base last:border-r-0 uppercase transition-colors text-text-dim hover:text-aether"[39m
            [36m>[39m
              [0mMinion[0m
            [36m</button>[39m
          [36m</div>[39m
          [36m<input[39m
            [33mclass[39m=[32m"bg-bg-card border border-border-base text-text-cream font-mono text-xs px-3 py-2 w-full sm:w-52 sm:ml-auto focus:outline-none focus:border-aether"[39m
            [33mplaceholder[39m=[32m"Search items…"[39m
            [33mtype[39m=[32m"text"[39m
            [33mvalue[39m=[32m""[39m
          [36m/>[39m
        [36m</div>[39m
        [36m<button[39m
          [33mclass[39m=[32m"font-display text-xs tracking-widest uppercase transition-colors disabled:opacity-40 disabled:cursor-not-allowed border border-gold text-gold bg-bg-card-hi px-5 py-2.5 hover:bg-gold hover:text-bg-deep"[39m
        [36m>[39m
          [0m⟳ Refresh[0m
        [36m</button>[39m
      [36m</div>[39m
      [36m<div[39m
        [33mclass[39m=[32m"border border-border-base bg-bg-card"[39m
      [36m>[39m
        [36m<div[39m
          [33mclass[39m=[32m"flex justify-between items-center px-3 py-2 border-b border-border-base"[39m
        [36m>[39m
          [36m<div[39m
            [33mclass[39m=[32m"text-text-low font-mono text-[11px]"[39m
          [36m>[39m
            [0m25[0m
            [0m of [0m
            [0m53[0m
          [36m</div>[39m
          [36m<button[39m
            [33mclass[39m=[32m"font-mono text-[10px] tracking-widest uppercase border border-border-base text-text-low px-3 py-2 hover:border-aether hover:text-aether transition-colors disabled:opacity-50 disabled:cursor-not-allowed"[39m
            [33mtitle[39m=[32m"Export 53 rows as CSV"[39m
          [36m>[39m
            [0m⬇ CSV[0m
          [36m</button>[39m
        [36m</div>[39m
        [36m<div[39m
          [33mclass[39m=[32m"overflow-x-auto"[39m
        [36m>[39m
          [36m<table[39m
            [33mclass[39m=[32m"w-full text-sm border-collapse"[39m
          [36m>[39m
            [36m<thead>[39m
              [36m<tr>[39m
                [36m<th[39m
                  [33mclass[39m=[32m"px-3 py-2 bg-bg-card-hi font-mono text-[10px] tracking-widest uppercase cursor-pointer select-none whitespace-nowrap sticky top-0 z-10 text-text-dim hover:text-aether text-left "[39m
                [36m>[39m
                  [0mItem[0m
                [36m</th>[39m
                [36m<th[39m
                  [33mclass[39m=[32m"px-3 py-2 bg-bg-card-hi font-mono text-[10px] tracking-widest uppercase cursor-pointer select-none whitespace-nowrap sticky top-0 z-10 text-text-dim hover:text-aether text-left "[39m
                [36m>[39m
                  [0mCraft[0m
                [36m</th>[39m
                [36m<th[39m
                  [33mclass[39m=[32m"px-3 py-2 bg-bg-card-hi font-mono text-[10px] tracking-widest uppercase cursor-pointer select-none whitespace-nowrap sticky top-0 z-10 text-text-dim hover:text-aether text-right hidden md:table-cell"[39m
                [36m>[39m
                  [0mLvl[0m
                [36m</th>[39m
                [36m<th[39m
                  [33mclass[39m=[32m"px-3 py-2 bg-bg-card-hi font-mono text-[10px] tracking-widest uppercase cursor-pointer select-none white...

Ignored nodes: comments, script, style
[36m<html>[39m
  [36m<head />[39m
  [36m<body>[39m
    [36m<div>[39m
      [36m<div[39m
        [33mclass[39m=[32m"max-w-7xl mx-auto px-4"[39m
      [36m>[39m
        [36m<div[39m
          [33mclass[39m=[32m"flex items-center justify-between mb-3"[39m
        [36m>[39m
          [36m<div[39m
            [33mclass[39m=[32m"flex flex-wrap gap-2 items-center mb-4"[39m
          [36m>[39m
            [36m<span[39m
              [33mclass[39m=[32m"font-mono text-[10px] tracking-widest text-text-low uppercase mr-1"[39m
            [36m>[39m
              [0mCategory[0m
            [36m</span>[39m
            [36m<div[39m
              [33mclass[39m=[32m"flex border border-border-base"[39m
            [36m>[39m
              [36m<button[39m
                [33mclass[39m=[32m"font-mono text-[11px] tracking-wider px-3.5 py-2 border-r border-border-base last:border-r-0 uppercase transition-colors bg-bg-card-hi text-gold"[39m
              [36m>[39m
                [0mAll[0m
              [36m</button>[39m
              [36m<button[39m
                [33mclass[39m=[32m"font-mono text-[11px] tracking-wider px-3.5 py-2 border-r border-border-base last:border-r-0 uppercase transition-colors text-text-dim hover:text-aether"[39m
              [36m>[39m
                [0mRaid[0m
              [36m</button>[39m
              [36m<button[39m
                [33mclass[39m=[32m"font-mono text-[11px] tracking-wider px-3.5 py-2 border-r border-border-base last:border-r-0 uppercase transition-colors text-text-dim hover:text-aether"[39m
              [36m>[39m
                [0mTincture[0m
              [36m</button>[39m
              [36m<button[39m
                [33mclass[39m=[32m"font-mono text-[11px] tracking-wider px-3.5 py-2 border-r border-border-base last:border-r-0 uppercase transition-colors text-text-dim hover:text-aether"[39m
              [36m>[39m
                [0mFood[0m
              [36m</button>[39m
              [36m<button[39m
                [33mclass[39m=[32m"font-mono text-[11px] tracking-wider px-3.5 py-2 border-r border-border-base last:border-r-0 uppercase transition-colors text-text-dim hover:text-aether"[39m
              [36m>[39m
                [0mFish[0m
              [36m</button>[39m
              [36m<button[39m
                [33mclass[39m=[32m"font-mono text-[11px] tracking-wider px-3.5 py-2 border-r border-border-base last:border-r-0 uppercase transition-colors text-text-dim hover:text-aether"[39m
              [36m>[39m
                [0mDye[0m
              [36m</button>[39m
              [36m<button[39m
                [33mclass[39m=[32m"font-mono text-[11px] tracking-wider px-3.5 py-2 border-r border-border-base last:border-r-0 uppercase transition-colors text-text-dim hover:text-aether"[39m
              [36m>[39m
                [0mGlamour[0m
              [36m</button>[39m
              [36m<button[39m
                [33mclass[39m=[32m"font-mono text-[11px] tracking-wider px-3.5 py-2 border-r border-border-base last:border-r-0 uppercase transition-colors text-text-dim hover:text-aether"[39m
              [36m>[39m
                [0mHousing[0m
              [36m</button>[39m
              [36m<button[39m
                [33mclass[39m=[32m"font-mono text-[11px] tracking-wider px-3.5 py-2 border-r border-border-base last:border-r-0 uppercase transition-colors text-text-dim hover:text-aether"[39m
              [36m>[39m
                [0mMateria[0m
              [36m</button>[39m
              [36m<button[39m
                [33mclass[39m=[32m"font-mono text-[11px] tracking-wider px-3.5 py-2 border-r border-border-base last:border-r-0 uppercase transition-colors text-text-dim hover:text-aether"[39m
              [36m>[39m
                [0mMinion[0m
              [36m</button>[39m
            [36m</div>[39m
            [36m<input[39m
              [33mclass[39m=[32m"bg-bg-card border border-border-base text-text-cream font-mono text-xs px-3 py-2 w-full sm:w-52 sm:ml-auto focus:outline-none focus:border-aether"[39m
              [33mplaceholder[39m=[32m"Search items…"[39m
              [33mtype[39m=[32m"text"[39m
              [33mvalue[39m=[32m""[39m
            [36m/>[39m
          [36m</div>[39m
          [36m<button[39m
            [33mclass[39m=[32m"font-display text-xs tracking-widest uppercase transition-colors disabled:opacity-40 disabled:cursor-not-allowed border border-gold text-gold bg-bg-card-hi px-5 py-2.5 hover:bg-gold hover:text-bg-deep"[39m
          [36m>[39m
            [0m⟳ Refresh[0m
          [36m</button>[39m
        [36m</div>[39m
        [36m<div[39m
          [33mclass[39m=[32m"border border-border-base bg-bg-card"[39m
        [36m>[39m
          [36m<div[39m
            [33mclass[39m=[32m"flex justify-between items-center px-3 py-2 border-b border-border-base"[39m
          [36m>[39m
            [36m<div[39m
              [33mclass[39m=[32m"text-text-low font-mono text-[11px]"[39m
            [36m>[39m
              [0m25[0m
              [0m of [0m
              [0m53[0m
            [36m</div>[39m
            [36m<button[39m
              [33mclass[39m=[32m"font-mono text-[10px] tracking-widest uppercase border border-border-base text-text-low px-3 py-2 hover:border-aether hover:text-aether transition-colors disabled:opacity-50 disabled:cursor-not-allowed"[39m
              [33mtitle[39m=[32m"Export 53 rows as CSV"[39m
            [36m>[39m
              [0m⬇ CSV[0m
            [36m</button>[39m
          [36m</div>[39m
          [36m<div[39m
            [33mclass[39m=[32m"overflow-x-auto"[39m
          [36m>[39m
            [36m<table[39m
              [33mclass[39m=[32m"w-full text-sm border-collapse"[39m
            [36m>[39m
              [36m<thead>[39m
                [36m<tr>[39m
                  [36m<th[39m
                    [33mclass[39m=[32m"px-3 py-2 bg-bg-card-hi font-mono text-[10px] tracking-widest uppercase cursor-pointer select-none whitespace-nowrap sticky top-0 z-10 text-text-dim hover:text-aether text-left "[39m
                  [36m>[39m
                    [0mItem[0m
                  [36m</th>[39m
                  [36m<th[39m
                    [33mclass[39m=[32m"px-3 py-2 bg-bg-card-hi font-mono text-[10px] tracking-widest uppercase cursor-pointer select-none whitespace-nowrap sticky top-0 z-10 text-text-dim hover:text-aether text-left "[39m
                  [36m>[39m
                    [0mCraft[0m
                  [36m</th>[39m
                  [36m<th[39m
                    [33mclass[39m=[32m"px-3 py-2 bg-bg-card-hi font-mono text-[10px] tracking-widest uppercase cursor-pointer select-none whitespace-nowrap sticky top-0 z-10 text-text-dim hover:text-aether text-right hidden ...
 ❯ waitForWrapper node_modules/@testing-library/dom/dist/wait-for.js:163:27
 ❯ src/routes/Watchlist.test.tsx:89:11
     87|     });
     88|
     89|     await waitFor(() => {
       |           ^
     90|       expect(screen.getByText(/245k/)).toBeInTheDocument();
     91|     }, { timeout: 3000 });

⎯⎯⎯⎯⎯⎯⎯⎯⎯⎯⎯⎯⎯⎯⎯⎯⎯⎯⎯⎯⎯⎯⎯⎯[1/3]⎯

 FAIL  src/features/profit/useRecipes.test.tsx > useRecipes (snapshot-backed) > fetches the snapshot on cache miss
AssertionError: expected undefined to be 49281 // Object.is equality

- Expected:
49281

+ Received:
undefined

 ❯ src/features/profit/useRecipes.test.tsx:77:59
     75|     await waitFor(() => expect(result.current.isSuccess).toBe(true));
     76|
     77|     expect(result.current.data!.get(49281)?.itemResultId).toBe(49281);
       |                                                           ^
     78|     expect(pageCount).toBe(2); // one data page + one empty page (loop…
     79|   });

⎯⎯⎯⎯⎯⎯⎯⎯⎯⎯⎯⎯⎯⎯⎯⎯⎯⎯⎯⎯⎯⎯⎯⎯[2/3]⎯

 FAIL  src/features/session/SessionPlanner.test.tsx > SessionPlanner > scans the snapshot and renders a top pick after Generate
TestingLibraryElementError: Unable to find an element with the text: /Courtly Lover's Temple Chain of Striking/. This could be because the text is broken up by multiple elements. In this case, you can provide a function for your text matcher to make your matcher more flexible.

Ignored nodes: comments, script, style
[36m<body>[39m
  [36m<div>[39m
    [36m<div[39m
      [33mclass[39m=[32m"max-w-7xl mx-auto px-4"[39m
    [36m>[39m
      [36m<div[39m
        [33mclass[39m=[32m"border-y border-border-base py-2 mb-6 flex flex-col sm:flex-row sm:items-center sm:justify-between gap-2 sm:gap-4 text-[10px] font-mono tracking-[0.25em] uppercase text-text-low"[39m
      [36m>[39m
        [36m<div[39m
          [33mclass[39m=[32m"flex gap-3 items-center flex-wrap"[39m
        [36m>[39m
          [36m<span[39m
            [33mclass[39m=[32m"text-gold"[39m
          [36m>[39m
            [0mEorzean Edition[0m
          [36m</span>[39m
          [36m<span[39m
            [33mclass[39m=[32m"text-border-hi"[39m
          [36m>[39m
            [0m·[0m
          [36m</span>[39m
          [36m<span>[39m
            [0mTUESDAY, 19 MAY 2026[0m
          [36m</span>[39m
          [36m<span[39m
            [33mclass[39m=[32m"text-border-hi"[39m
          [36m>[39m
            [0m·[0m
          [36m</span>[39m
          [36m<span[39m
            [33mclass[39m=[32m"text-aether"[39m
          [36m>[39m
            [0mPhantom[0m
          [36m</span>[39m
          [36m<span[39m
            [33mclass[39m=[32m"text-border-hi"[39m
          [36m>[39m
            [0m/[0m
          [36m</span>[39m
          [36m<span>[39m
            [0mChaos[0m
          [36m</span>[39m
        [36m</div>[39m
        [36m<button[39m
          [33mclass[39m=[32m"hover:text-aether transition-colors disabled:opacity-40 disabled:cursor-not-allowed flex items-center gap-2 self-start sm:self-auto"[39m
        [36m>[39m
          [36m<span>[39m
            [0mData [0m
            [0mjust now[0m
          [36m</span>[39m
          [36m<span[39m
            [33mclass[39m=[32m"text-aether text-base leading-none "[39m
          [36m>[39m
            [0m↻[0m
          [36m</span>[39m
        [36m</button>[39m
      [36m</div>[39m
      [36m<div[39m
        [33mclass[39m=[32m"grid grid-cols-1 lg:grid-cols-[1fr_320px] gap-6"[39m
      [36m>[39m
        [36m<article[39m
          [33mclass[39m=[32m"border border-crimson bg-bg-card p-6 sm:p-10 min-h-[320px] flex flex-col justify-center"[39m
        [36m>[39m
          [36m<div[39m
            [33mclass[39m=[32m"font-mono text-[10px] tracking-[0.4em] uppercase text-crimson mb-4"[39m
          [36m>[39m
            [0mNothing fits[0m
          [36m</div>[39m
          [36m<h1[39m
            [33mclass[39m=[32m"font-body text-2xl sm:text-3xl text-text-cream leading-tight italic"[39m
          [36m>[39m
            [0mNo items match your budget tonight.[0m
          [36m</h1>[39m
          [36m<p[39m
            [33mclass[39m=[32m"font-body text-base text-text-dim mt-3 max-w-prose"[39m
          [36m>[39m
            [0mTry a longer time, lower your minimum profit, widen the crafter, or pick a different strategy. Crafter levels are set in the Editor’s Bench below.[0m
          [36m</p>[39m
          [36m<div[39m
            [33mclass[39m=[32m"mt-6 pt-4 border-t border-border-base"[39m
          [36m>[39m
            [36m<div[39m
              [33mclass[39m=[32m"font-mono text-[9px] tracking-[0.3em] uppercase text-text-low mb-2"[39m
            [36m>[39m
              [0mWhy?[0m
            [36m</div>[39m
            [36m<dl[39m
              [33mclass[39m=[32m"space-y-1 font-mono text-[11px]"[39m
            [36m>[39m
              [36m<div[39m
                [33mclass[39m=[32m"flex justify-between gap-4"[39m
              [36m>[39m
                [36m<dt[39m
                  [33mclass[39m=[32m"text-text-dim"[39m
                [36m>[39m
                  [0mItems scanned[0m
                [36m</dt>[39m
                [36m<dd[39m
                  [33mclass[39m=[32m"tabular-nums text-text-cream"[39m
                [36m>[39m
                  [0m2[0m
                [36m</dd>[39m
              [36m</div>[39m
              [36m<div[39m
                [33mclass[39m=[32m"flex justify-between gap-4"[39m
              [36m>[39m
                [36m<dt[39m
                  [33mclass[39m=[32m"text-text-dim"[39m
                [36m>[39m
                  [0mProfitable to craft[0m
                [36m</dt>[39m
                [36m<dd[39m
                  [33mclass[39m=[32m"tabular-nums text-crimson"[39m
                [36m>[39m
                  [0m0[0m
                [36m</dd>[39m
              [36m</div>[39m
              [36m<div[39m
                [33mclass[39m=[32m"flex justify-between gap-4"[39m
              [36m>[39m
                [36m<dt[39m
                  [33mclass[39m=[32m"text-text-dim"[39m
                [36m>[39m
                  [0mCraftable at your level[0m
                [36m</dt>[39m
                [36m<dd[39m
                  [33mclass[39m=[32m"tabular-nums text-crimson"[39m
                [36m>[39m
                  [0m0[0m
                [36m</dd>[39m
              [36m</div>[39m
              [36m<div[39m
                [33mclass[39m=[32m"flex justify-between gap-4"[39m
              [36m>[39m
                [36m<dt[39m
                  [33mclass[39m=[32m"text-text-dim"[39m
                [36m>[39m
                  [0mPassed your filters[0m
                [36m</dt>[39m
                [36m<dd[39m
                  [33mclass[39m=[32m"tabular-nums text-crimson"[39m
                [36m>[39m
                  [0m0[0m
                [36m</dd>[39m
              [36m</div>[39m
            [36m</dl>[39m
          [36m</div>[39m
        [36m</article>[39m
        [36m<aside[39m
          [33mclass[39m=[32m"border border-border-base bg-bg-card p-5 space-y-4 lg:sticky lg:top-4 h-fit"[39m
        [36m>[39m
          [36m<div[39m
            [33mclass[39m=[32m"font-mono text-[10px] tracking-[0.4em] uppercase text-gold border-b border-border-base pb-2"[39m
          [36m>[39m
            [0mThe Plan[0m
          [36m</div>[39m
          [36m<label[39m
            [33mclass[39m=[32m"block"[39m
          [36m>[39m
            [36m<span[39m
              [33mclass[39m=[32m"font-mono text-[9px] tracking-widest text-text-low uppercase"[39m
            [36m>[39m
              [0mTime (min)[0m
            [36m</span>[39m
            [36m<input[39m
              [33mclass[39m=[32m"mt-1 block w-full bg-bg-deep border border-border-base px-3 py-2 font-mono text-sm focus:border-gold focus:outline-none"[39m
              [33mmax[39m=[32m"600"[39m
              [33mmin[39m=[32m"1"[39m
              [33mtype[39m=[32m"number"[39m
              [33mvalue[39m=[32m"60"[39m
            [36m/>[39m
            [36m<span[39m
              [33mclass[39m=[32m"block mt-1 font-mono text-[9px] text-text-low"[39m
            [36m>[39m
              [0m−[0m
              [0m5[0m
              [0m overhead = [0m
              [0m55[0m
              [0m crafting[0m
            [36m</span>[39m
          [36m</label>[39m
          [36m<label[39m
            [33mclass[39m=[32m"block"[39m
          [36m>[39m
            [36m<span[39m
              [33mclass[39m=[32m"font-mono text-[9px] tracking-widest text-text-low uppercase"[39m
            [36m>[39m
              [0mCrafter[0m
            [36m</span>[39m
            [36m<select[39m
              [33mclass[39m=[32m"mt-1 block w-full bg-bg-deep border border-border-base px-3 py-2 font-mono text-sm focus:border-gold focus:outline-none"[39m
            [36m>[39m
              [36m<option[39m
                [33mvalue[39m=[32m""[39m
              [36m>[39m
                [0mAny[0m
              [36m</option>[39m
              [36m<option[39m
                [33mvalue[39m=[32m"CRP"[39m
              [36m>[39m
                [0mCRP[0m
              [36m</option>[39m
              [36m<option[39m
                [33mvalue[39m=[32m"BSM"[39m
              [36m>[39m
                [0mBSM[0m
              [36m</option>[39m
              [36m<option[39m
                [33mvalue[39m=[32m"ARM"[39m
              [36m>[39m
                [0mARM[0m
              [36m</option>[39m
              [36m<option[39m
                [33mvalue[39m=[32m"GSM"[39m
              [36m>[39m
                [0mGSM[0m
              [36m</option>[39m
              [36m<option[39m
                [33mvalue[39m=[32m"LTW"[39m
              [36m>[39m
                [0mLTW[0m
              [36m</option>[39m
              [36m<option[39m
                [33mvalue[39m=[32m"WVR"[39m
              [36m>[39m
                [0mWVR[0m
              [36m</option>[39m
              [36m<option[39m
                [33mvalue[39m=[32m"ALC"[39m
              [36m>[39m
                [0mALC[0m
              [36m</option>[39m
              [36m<option[39m
                [33mvalue[39m=[32m"CUL"[39m
              [36m>[39m
                [0mCUL[0m
              [36m</option>[39m
            [36m</select>[39m
          [36m</label>[39m
          [36m<label[39m
            [33mclass[39m=[32m"block"[39m
          [36m>[39m
            [36m<span[39m
              [33mclass[39m=[32m"font-mono text-[9px] tracking-widest text-text-low uppercase"[39m
            [36m>[39m
              [0mMin profit (gil)[0m
            [36m</span>[39m
            [36m<input[39m
              [33mclass[39m=[32m"mt-1 block w-full bg-bg-deep border border-border-base px-3 py-2 font-mono text-sm focus:border-gold focus:outline-none"[39m
              [33mmin[39m=[32m"0"[39m
              [33mplaceholder[39m=[32m"any"[39m
              [33mtype[39m=[32m"number"[39m
              [33mvalue[39m=[32m""[39m
            [36m/>[39m
          [36m</label>[39m
          [36m<div>[39m
            [36m<span[39m
              [33mclass[39m=[32m"font-mono text-[9px] tracking-widest text-text-low uppercase block mb-1"[39m
            [36m>[39m
              [0mItem level[0m
            [36m</span>[39m
            [36m<div[39m
              [33mclass[39m=[32m"grid grid-cols-2 gap-2"[39m
            [36m>[39m
              [36m<input[39m
                [33maria-label[39m=[32m"Minimum item level"[39m
                [33mclass[39m=[32m"block w-full bg-bg-deep border border-border-base px-3 py-2 font-mono text-sm focus:border-gold focus:outline-none"[39m
                [33mmin[39m=[32m"0"[39m
                [33mplaceholder[39m=[32m"min"[39m
                [33mtype[39m=[32m"number"[39m
                [33mvalue[39m=[32m""[39m
              [36m/>[39m
              [36m<input[39m
                [33maria-label[39m=[32m"Maximum item level"[39m
                [33mclass[39m=[32m"block w-full bg-bg-deep border border-border-base px-3 py-2 font-mono text-sm focus:border-gold focus:outline-none"[39m
                [33mmin[39m=[32m"0"[39m
                [33mplaceholder[39m=[32m"max"[39m
                [33mtype[39m=[32m"number"[39m
                [33mvalue[39m=[32m""[39m
              [36m/>[39m
            [36m</div>[39m
          [36m</div>[39m
          [36m<div>[39m
            [36m<span[39m
              [33mclass[39m=[32m"font-mono text-[9px] tracking-widest text-text-low uppercase block mb-2"[39m
            [36m>[39m
              [0mStrategy[0m
            [36m</span>[39m
            [36m<div[39m
              [33mclass[39m=[32m"space-y-1"[39m
            [36m>[39m
              [36m<button[39m
                [33mclass[39m=[32m"w-full text-left px-3 py-2 border font-mono text-xs flex justify-between items-center transition-colors border-gold text-gold bg-bg-deep"[39m
              [36m>[39m
                [36m<span[39m
                  [33mclass[39m=[32m"uppercase tracking-wider"[39m
                [36m>[39m
                  [0mBalanced[0m
                [36m</span>[39m
                [36m<span[39m
                  [33mclass[39m=[32m"text-[9px] text-text-low normal-case"[39m
                [36m>[39m
                  [0mmargin × movement[0m
                [36m</span>[39m
              [36m</button>[39m
              [36m<button[39m
                [33mclass[39m=[32m"w-full text-left px-3 py-2 border font-mono text-xs flex justify-between items-center transition-colors border-border-base text-text-dim hover:text-aether hover:border-border-hi"[39m
              [36m>[39m
                [36m<span[39m
                  [33mclass[39m=[32m"uppercase tracking-wider"[39m
                [36m>[39m
                  [0mQuick Win[0m
                [36m</span>[39m
                [36m<span[39m
                  [33mclass[39m=[32m"text-[9px] text-text-low normal-case"[39m
                [36m>[39m
                  [0mfavor fast movers[0m
                [36m</span>[39m
              [36m</button>[39m
              [36m<button[39m
                [33mclass[39m=[32m"w-full text-left px-3 py-2 border font-mono text-xs flex justify-between items-center transition-colors border-border-base text-text-dim hover:text-aether hover:border-border-hi"[39m
              [36m>[39m
                [36m<span[39m
                  [33mclass[39m=[32m"uppercase tracking-wider"[39m
                [36m>[39m
                  [0mPatient[0m
                [36m</span>[39m
                [36m<span[39m
                  [33mclass[39m=[32m"text-[9px] text-text-low normal-case"[39m
                [36m>[39m
                  [0mfavor fat margins[0m
                [36m</span>[39m
              [36m</button>[39m
            [36m</div>[39m
          [36m</div>[39m
          [36m<button[39m
            [33mclass[39m=[32m"w-full mt-2 px-4 py-3 font-display text-base tracking-[0.25em] uppercase border-2 transition-colors bg-gold text-bg-deep border-gold hover:bg-gold-hi hover:border-gold-hi"[39m
          [36m>[39m
            [0mGenerate →[0m
          [36m</button>[39m
        [36m</aside>[39m
      [36m</div>[39m
      [36m<section[39m
        [33mclass[39m=[32m"mt-14"[39m
      [36m>[39m
        [36m<button[39m
          [33mclass[39m=[32m"font-mono text-[10px] tracking-[0.4em] uppercase text-text-low hover:text-aether border-b-2 border-border-base pb-2 mb-4 w-full text-left flex justify-between items-center transition-colors"[39m
        [36m>[39m
          [36m<span>[39m
            [0mThe Editor's Bench[0m
          [36m</span>[39m
          [36m<span>[39m
            [0m+ show[0m
          [36m</span>[39m
        [36m</button>[39m
      [36m</section>[39m
    [36m</div>[39m
  [36m</div>[39m
[36m</body>[39m

Ignored nodes: comments, script, style
[36m<html>[39m
  [36m<head />[39m
  [36m<body>[39m
    [36m<div>[39m
      [36m<div[39m
        [33mclass[39m=[32m"max-w-7xl mx-auto px-4"[39m
      [36m>[39m
        [36m<div[39m
          [33mclass[39m=[32m"border-y border-border-base py-2 mb-6 flex flex-col sm:flex-row sm:items-center sm:justify-between gap-2 sm:gap-4 text-[10px] font-mono tracking-[0.25em] uppercase text-text-low"[39m
        [36m>[39m
          [36m<div[39m
            [33mclass[39m=[32m"flex gap-3 items-center flex-wrap"[39m
          [36m>[39m
            [36m<span[39m
              [33mclass[39m=[32m"text-gold"[39m
            [36m>[39m
              [0mEorzean Edition[0m
            [36m</span>[39m
            [36m<span[39m
              [33mclass[39m=[32m"text-border-hi"[39m
            [36m>[39m
              [0m·[0m
            [36m</span>[39m
            [36m<span>[39m
              [0mTUESDAY, 19 MAY 2026[0m
            [36m</span>[39m
            [36m<span[39m
              [33mclass[39m=[32m"text-border-hi"[39m
            [36m>[39m
              [0m·[0m
            [36m</span>[39m
            [36m<span[39m
              [33mclass[39m=[32m"text-aether"[39m
            [36m>[39m
              [0mPhantom[0m
            [36m</span>[39m
            [36m<span[39m
              [33mclass[39m=[32m"text-border-hi"[39m
            [36m>[39m
              [0m/[0m
            [36m</span>[39m
            [36m<span>[39m
              [0mChaos[0m
            [36m</span>[39m
          [36m</div>[39m
          [36m<button[39m
            [33mclass[39m=[32m"hover:text-aether transition-colors disabled:opacity-40 disabled:cursor-not-allowed flex items-center gap-2 self-start sm:self-auto"[39m
          [36m>[39m
            [36m<span>[39m
              [0mData [0m
              [0mjust now[0m
            [36m</span>[39m
            [36m<span[39m
              [33mclass[39m=[32m"text-aether text-base leading-none "[39m
            [36m>[39m
              [0m↻[0m
            [36m</span>[39m
          [36m</button>[39m
        [36m</div>[39m
        [36m<div[39m
          [33mclass[39m=[32m"grid grid-cols-1 lg:grid-cols-[1fr_320px] gap-6"[39m
        [36m>[39m
          [36m<article[39m
            [33mclass[39m=[32m"border border-crimson bg-bg-card p-6 sm:p-10 min-h-[320px] flex flex-col justify-center"[39m
          [36m>[39m
            [36m<div[39m
              [33mclass[39m=[32m"font-mono text-[10px] tracking-[0.4em] uppercase text-crimson mb-4"[39m
            [36m>[39m
              [0mNothing fits[0m
            [36m</div>[39m
            [36m<h1[39m
              [33mclass[39m=[32m"font-body text-2xl sm:text-3xl text-text-cream leading-tight italic"[39m
            [36m>[39m
              [0mNo items match your budget tonight.[0m
            [36m</h1>[39m
            [36m<p[39m
              [33mclass[39m=[32m"font-body text-base text-text-dim mt-3 max-w-prose"[39m
            [36m>[39m
              [0mTry a longer time, lower your minimum profit, widen the crafter, or pick a different strategy. Crafter levels are set in the Editor’s Bench below.[0m
            [36m</p>[39m
            [36m<div[39m
              [33mclass[39m=[32m"mt-6 pt-4 border-t border-border-base"[39m
            [36m>[39m
              [36m<div[39m
                [33mclass[39m=[32m"font-mono text-[9px] tracking-[0.3em] uppercase text-text-low mb-2"[39m
              [36m>[39m
                [0mWhy?[0m
              [36m</div>[39m
              [36m<dl[39m
                [33mclass[39m=[32m"space-y-1 font-mono text-[11px]"[39m
              [36m>[39m
                [36m<div[39m
                  [33mclass[39m=[32m"flex justify-between gap-4"[39m
                [36m>[39m
                  [36m<dt[39m
                    [33mclass[39m=[32m"text-text-dim"[39m
                  [36m>[39m
                    [0mItems scanned[0m
                  [36m</dt>[39m
                  [36m<dd[39m
                    [33mclass[39m=[32m"tabular-nums text-text-cream"[39m
                  [36m>[39m
                    [0m2[0m
                  [36m</dd>[39m
                [36m</div>[39m
                [36m<div[39m
                  [33mclass[39m=[32m"flex justify-between gap-4"[39m
                [36m>[39m
                  [36m<dt[39m
                    [33mclass[39m=[32m"text-text-dim"[39m
                  [36m>[39m
                    [0mProfitable to craft[0m
                  [36m</dt>[39m
                  [36m<dd[39m
                    [33mclass[39m=[32m"tabular-nums text-crimson"[39m
                  [36m>[39m
                    [0m0[0m
                  [36m</dd>[39m
                [36m</div>[39m
                [36m<div[39m
                  [33mclass[39m=[32m"flex justify-between gap-4"[39m
                [36m>[39m
                  [36m<dt[39m
                    [33mclass[39m=[32m"text-text-dim"[39m
                  [36m>[39m
                    [0mCraftable at your level[0m
                  [36m</dt>[39m
                  [36m<dd[39m
                    [33mclass[39m=[32m"tabular-nums text-crimson"[39m
                  [36m>[39m
                    [0m0[0m
                  [36m</dd>[39m
                [36m</div>[39m
                [36m<div[39m
                  [33mclass[39m=[32m"flex justify-between gap-4"[39m
                [36m>[39m
                  [36m<dt[39m
                    [33mclass[39m=[32m"text-text-dim"[39m
                  [36m>[39m
                    [0mPassed your filters[0m
                  [36m</dt>[39m
                  [36m<dd[39m
                    [33mclass[39m=[32m"tabular-nums text-crimson"[39m
                  [36m>[39m
                    [0m0[0m
                  [36m</dd>[39m
                [36m</div>[39m
              [36m</dl>[39m
            [36m</div>[39m
          [36m</article>[39m
          [36m<aside[39m
            [33mclass[39m=[32m"border border-border-base bg-bg-card p-5 space-y-4 lg:sticky lg:top-4 h-fit"[39m
          [36m>[39m
            [36m<div[39m
              [33mclass[39m=[32m"font-mono text-[10px] tracking-[0.4em] uppercase text-gold border-b border-border-base pb-2"[39m
            [36m>[39m
              [0mThe Plan[0m
            [36m</div>[39m
            [36m<label[39m
              [33mclass[39m=[32m"block"[39m
            [36m>[39m
              [36m<span[39m
                [33mclass[39m=[32m"font-mono text-[9px] tracking-widest text-text-low uppercase"[39m
              [36m>[39m
                [0mTime (min)[0m
              [36m</span>[39m
              [36m<input[39m
                [33mclass[39m=[32m"mt-1 block w-full bg-bg-deep border border-border-base px-3 py-2 font-mono text-sm focus:border-gold focus:outline-none"[39m
                [33mmax[39m=[32m"600"[39m
                [33mmin[39m=[32m"1"[39m
                [33mtype[39m=[32m"number"[39m
                [33mvalue[39m=[32m"60"[39m
              [36m/>[39m
              [36m<span[39m
                [33mclass[39m=[32m"block mt-1 font-mono text-[9px] text-text-low"[39m
              [36m>[39m
                [0m−[0m
                [0m5[0m
                [0m overhead = [0m
                [0m55[0m
                [0m crafting[0m
              [36m</span>[39m
            [36m</label>[39m
            [36m<label[39m
              [33mclass[39m=[32m"block"[39m
            [36m>[39m
              [36m<span[39m
                [33mclass[39m=[32m"font-mono text-[9px] tracking-widest text-text-low uppercase"[39m
              [36m>[39m
                [0mCrafter[0m
              [36m</span>[39m
              [36m<select[39m
                [33mclass[39m=[32m"mt-1 block w-full bg-bg-deep border border-border-base px-3 py-2 font-mono text-sm focus:border-gold focus:outline-none"[39m
              [36m>[39m
                [36m<option[39m
                  [33mvalue[39m=[32m""[39m
                [36m>[39m
                  [0mAny[0m
                [36m</option>[39m
                [36m<option[39m
                  [33mvalue[39m=[32m"CRP"[39m
                [36m>[39m
                  [0mCRP[0m
                [36m</option>[39m
                [36m<option[39m
                  [33mvalue[39m=[32m"BSM"[39m
                [36m>[39m
                  [0mBSM[0m
                [36m</option>[39m
                [36m<option[39m
                  [33mvalue[39m=[32m"ARM"[39m
                [36m>[39m
                  [0mARM[0m
                [36m</option>[39m
                [36m<option[39m
                  [33mvalue[39m=[32m"GSM"[39m
                [36m>[39m
                  [0mGSM[0m
                [36m</option>[39m
                [36m<option[39m
                  [33mvalue[39m=[32m"LTW"[39m
                [36m>[39m
                  [0mLTW[0m
                [36m</option>[39m
                [36m<option[39m
                  [33mvalue[39m=[32m"WVR"[39m
                [36m>[39m
                  [0mWVR[0m
                [36m</option>[39m
                [36m<option[39m
                  [33mvalue[39m=[32m"ALC"[39m
                [36m>[39m
                  [0mALC[0m
                [36m</option>[39m
                [36m<option[39m
                  [33mvalue[39m=[32m"CUL"[39m
                [36m>[39m
                  [0mCUL[0m
                [36m</option>[39m
              [36m</select>[39m
            [36m</label>[39m
            [36m<label[39m
              [33mclass[39m=[32m"block"[39m
            [36m>[39m
              [36m<span[39m
                [33mclass[39m=[32m"font-mono text-[9px] tracking-widest text-text-low uppercase"[39m
              [36m>[39m
                [0mMin profit (gil)[0m
              [36m</span>[39m
              [36m<input[39m
                [33mclass[39m=[32m"mt-1 block w-full bg-bg-deep border border-border-base px-3 py-2 font-mono text-sm focus:border-gold focus:outline-none"[39m
                [33mmin[39m=[32m"0"[39m
                [33mplaceholder[39m=[32m"any"[39m
                [33mtype[39m=[32m"number"[39m
                [33mvalue[39m=[32m""[39m
              [36m/>[39m
            [36m</label>[39m
            [36m<div>[39m
              [36m<span[39m
                [33mclass[39m=[32m"font-mono text-[9px] tracking-widest text-text-low uppercase block mb-1"[39m
              [36m>[39m
                [0mItem level[0m
              [36m</span>[39m
              [36m<div[39m
                [33mclass[39m=[32m"grid grid-cols-2 gap-2"[39m
              [36m>[39m
                [36m<input[39m
                  [33maria-label[39m=[32m"Minimum item level"[39m
                  [33mclass[39m=[32m"block w-full bg-bg-deep border border-border-base px-3 py-2 font-mono text-sm focus:border-gold focus:outline-none"[39m
                  [33mmin[39m=[32m"0"[39m
                  [33mplaceholder[39m=[32m"min"[39m
                  [33mtype[39m=[32m"number"[39m
                  [33mvalue[39m=[32m""[39m
                [36m/>[39m
                [36m<input[39m
                  [33maria-label[39m=[32m"Maximum item level"[39m
                  [33mclass[39m=[32m"block w-full bg-bg-deep border border-border-base px-3 py-2 font-mono text-sm focus:border-gold focus:outline-none"[39m
                  [33mmin[39m=[32m"0"[39m
                  [33mplaceholder[39m=[32m"max"[39m
                  [33mtype[39m=[32m"number"[39m
                  [33mvalue[39m=[32m""[39m
                [36m/>[39m
              [36m</div>[39m
            [36m</div>[39m
            [36m<div>[39m
              [36m<span[39m
                [33mclass[39m=[32m"font-mono text-[9px] tracking-widest text-text-low uppercase block mb-2"[39m
              [36m>[39m
                [0mStrategy[0m
              [36m</span>[39m
              [36m<div[39m
                [33mclass[39m=[32m"space-y-1"[39m
              [36m>[39m
                [36m<button[39m
                  [33mclass[39m=[32m"w-full text-left px-3 py-2 border font-mono text-xs flex justify-between items-center transition-colors border-gold text-gold bg-bg-deep"[39m
                [36m>[39m
                  [36m<span[39m
                    [33mclass[39m=[32m"uppercase tracking-wider"[39m
                  [36m>[39m
                    [0mBalanced[0m
                  [36m</span>[39m
                  [36m<span[39m
                    [33mclass[39m=[32m"text-[9px] text-text-low normal-case"[39m
                  [36m>[39m
                    [0mmargin × movement[0m
                  [36m</span>[39m
                [36m</button>[39m
                [36m<button[39m
                  [33mclass[39m=[32m"w-full text-left px-3 py-2 border font-mono text-xs flex justify-between items-center transition-colors border-border-base text-text-dim hover:text-aether hover:border-border-hi"[39m
                [36m>[39m
                  [36m<span[39m
                    [33mclass[39m=[32m"uppercase tracking-wider"[39m
                  [36m>[39m
                    [0mQuick Win[0m
                  [36m</span>[39m
                  [36m<span[39m
                    [33mclass[39m=[32m"text-[9px] text-text-low normal-case"[39m
                  [36m>[39m
                    [0mfavor fast movers[0m
                  [36m</span>[39m
                [36m</button>[39m
                [36m<button[39m
                  [33mclass[39m=[32m"w-full text-left px-3 py-2 border font-mono text-xs flex justify-between items-center transition-colors border-border-base text-text-dim hover:text-aether hover:border-border-hi"[39m
                [36m>[39m
                  [36m<span[39m
                    [33mclass[39m=[32m"uppercase tracking-wider"[39m
                  [36m>[39m
                    [0mPatient[0m
                  [36m</span>[39m
                  [36m<span[39m
                    [33mclass[39m=[32m"text-[9px] text-text-low normal-case"[39m
                  [36m>[39m
                    [0mfavor fat margins[0m
                  [36m</span>[39m
                [36m</button>[39m
              [36m</div>[39m
            [36m</div>[39m
            [36m<button[39m
              [33mclass[39m=[32m"w-full mt-2 px-4 py-3 font-display text-base tracking-[0.25em] uppercase border-2 transition-colors bg-gold text-bg-deep border-gold hover:bg-gold-hi hover:border-gold-hi"[39m
            [36m>[39m
              [0mGenerate →[0m
            [36m</button>[39m
          [36m</aside>[39m
        [36m</div>[39m
        [36m<section[39m
          [33mclass[39m=[32m"mt-14"[39m
        [36m>[39m
          [36m<button[39m
            [33mclass[39m=[32m"font-mono text-[10px] tracking-[0.4em] uppercase text-text-low hover:text-aether border-b-2 border-border-base pb-2 mb-4 w-full text-left flex justify-between items-center transition-colors"[39m
          [36m>[39m
            [36m<span>[39m
              [0mThe Editor's Bench[0m
            [36m</span>[39m
            [36m<span>[39m
              [0m+ show[0m
            [36m</span>[39m
          [36m</button>[39m
        [36m</section>[39m
      [36m</div>[39m
    [36m</div>[39m
  [36m</body>[39m
[36m</html>[39m
 ❯ waitForWrapper node_modules/@testing-library/dom/dist/wait-for.js:163:27
 ❯ src/features/session/SessionPlanner.test.tsx:115:11
    113|     fireEvent.click(generateBtn);
    114|
    115|     await waitFor(() => {
       |           ^
    116|       // Item appears in the Hero (and the Docket) once scan + recipes…
    117|       expect(screen.getAllByText(/Courtly Lover's Temple Chain of Stri…

⎯⎯⎯⎯⎯⎯⎯⎯⎯⎯⎯⎯⎯⎯⎯⎯⎯⎯⎯⎯⎯⎯⎯⎯[3/3]⎯


 Test Files  3 failed | 102 passed (105)
      Tests  3 failed | 681 passed (684)
   Start at  10:34:41
   Duration  97.43s (transform 17.01s, setup 76.02s, import 57.09s, tests 42.04s, environment 431.44s)

